../Drivers/CMSIS/Include/core_cm4.h:1684:22:__NVIC_EnableIRQ	16	static,ignoring_inline_asm
../Drivers/CMSIS/Include/core_cm4.h:1814:22:__NVIC_SetPriority	16	static
../Core/Src/can.c:51:6:CAN_Init	8	static
../Core/Src/can.c:70:13:CAN1_GPIO_Init	4	static
../Core/Src/can.c:90:13:CAN1_Peripheral_Init	4	static
../Core/Src/can.c:145:13:CAN1_Filter_Init	4	static
../Core/Src/can.c:167:13:CAN1_RX_Interrupt_Init	8	static
../Core/Src/can.c:178:9:CAN_Send	16	static
../Core/Src/can.c:190:16:CAN1_TrySend	32	static
../Core/Src/can.c:239:6:CAN_RxIrqHandler	40	static
../Core/Src/can.c:304:6:CAN_ModuleB_Process	24	static
../Core/Src/can.c:337:13:CAN_ModuleB_SendAnnounce	24	static
../Core/Src/can.c:356:13:CAN_ModuleB_SendTemperature	32	static
../Core/Src/can.c:374:13:CAN_ModuleB_HandleLinkResult	16	static
../Core/Src/can.c:401:13:CAN_ModuleB_HandleDutyCommand	24	static
../Core/Src/can.c:427:13:CAN_ModuleB_HandleTargetTempCommand	16	static
../Core/Src/can.c:452:9:CAN_ModuleB_GetPeltierDuty	4	static
../Core/Src/can.c:458:9:CAN_ModuleB_GetTargetTempX10	4	static
../Core/Src/can.c:464:19:CAN_ModuleB_GetLinkState	4	static
../Core/Src/can.c:470:9:CAN_ModuleB_IsAccepted	4	static
../Core/Src/can.c:480:9:CAN_ModuleB_TakeTargetTempX10	16	static
